// Jest Snapshot v1, https://goo.gl/fbAQLP

exports[`logIn sets appropriate cookies 1`] = `
Array [
  Array [
    "github_token",
    "TEST_GITHUB_TOKEN",
  ],
]
`;
