// Jest Snapshot v1, https://goo.gl/fbAQLP

exports[`getGithubAuthUrl returns correct URL 1`] = `"https://github.com/login/oauth/authorize?client_id=TEST_GITHUB_CLIENT_ID&redirect_uri=TEST_REDIRECT_URI"`;
